Integer
Double
Identifier
None
None
Double
None
Double
None
Double
Double
Identifier
Identifier
Identifier
None
Double
Double
None
Integer
Integer
Double
None
Identifier
Double
None
Double
None
None
Identifier
Double
Integer
Integer
None
None
Integer
Double
Double
Integer
Integer
None
None
Integer
Identifier
Identifier
None
