Double
Double
Double
Not double
Not double
Double
Not double
Double
Not double
Double
Double
Not double
Double
Double
Double
