Not integer
Integer
Integer
Not integer
Integer
Not integer
Integer
Integer
Not integer
Not integer
Not integer
Not integer
Not integer
Integer
Integer
