Identifier
Not identifier
Identifier
Identifier
Not identifier
Identifier
Not identifier
Identifier
Identifier
Not identifier
Identifier
Not identifier
Identifier
Identifier
Identifier
