char=;, freq=1
char=g, freq=1
char=q, freq=1
char=t, freq=1
char=m, freq=2
char=n, freq=2
char=b, freq=4
char=v, freq=4
char=l, freq=10
char=k, freq=11
char=s, freq=12
char=a, freq=13
char=d, freq=13
char=f, freq=13
char=j, freq=15
