major:CHE enrollment:No age:21 
major:CHE enrollment:Yes age:20 
major:BME enrollment:Yes age:19 
major:IE enrollment:No age:21 
major:BME enrollment:No age:20 
major:CS enrollment:No age:21 
major:ME enrollment:No age:19 
major:ECE enrollment:Yes age:21 
major:ECE enrollment:Yes age:21 
major:ME enrollment:Yes age:21 
major:CHE enrollment:No age:19 
major:IE enrollment:Yes age:21 
major:ECE enrollment:Yes age:21 
major:AA enrollment:No age:21 
major:ABE enrollment:No age:19 
major:ECE enrollment:No age:19 
major:CS enrollment:No age:20 
major:IE enrollment:No age:19 
major:CS enrollment:No age:19 
major:ECE enrollment:Yes age:20 
major:CS enrollment:No age:20 
major:BME enrollment:Yes age:18 
major:ECE enrollment:No age:20 
major:CHE enrollment:No age:21 
major:CS enrollment:No age:19 
major:CHE enrollment:Yes age:18 
major:ME enrollment:Yes age:18 
major:IE enrollment:No age:18 
major:ECE enrollment:No age:20 
major:IE enrollment:No age:21 
major:ECE enrollment:Yes age:21 
major:ECE enrollment:Yes age:20 
major:IE enrollment:No age:21 
major:BME enrollment:Yes age:21 
major:CS enrollment:Yes age:19 
major:IE enrollment:Yes age:19 
major:CS enrollment:Yes age:21 
major:CHE enrollment:Yes age:19 
major:IE enrollment:No age:21 
major:ECE enrollment:No age:20 
major:CHE enrollment:No age:21 
major:CS enrollment:Yes age:18 
major:CS enrollment:No age:20 
major:AA enrollment:Yes age:19 
major:AA enrollment:No age:20 
major:CHE enrollment:No age:19 
major:ABE enrollment:Yes age:18 
major:CS enrollment:No age:19 
major:IE enrollment:No age:21 
major:CHE enrollment:Yes age:18 
major:IE enrollment:Yes age:21 
major:AA enrollment:No age:18 
major:CHE enrollment:Yes age:20 
major:AA enrollment:No age:18 
major:CHE enrollment:No age:20 
major:CHE enrollment:No age:21 
major:CHE enrollment:Yes age:20 
major:CHE enrollment:Yes age:21 
major:AA enrollment:Yes age:18 
major:BME enrollment:No age:21 
major:ECE enrollment:Yes age:21 
major:CHE enrollment:No age:18 
major:IE enrollment:Yes age:21 
major:ABE enrollment:Yes age:20 
major:ECE enrollment:No age:21 
major:ABE enrollment:Yes age:21 
major:BME enrollment:Yes age:21 
major:BME enrollment:Yes age:21 
major:AA enrollment:Yes age:21 
major:BME enrollment:Yes age:20 
major:BME enrollment:Yes age:19 
major:IE enrollment:Yes age:21 
major:CS enrollment:Yes age:20 
major:ECE enrollment:Yes age:20 
major:CHE enrollment:Yes age:20 
major:CS enrollment:No age:21 
major:CS enrollment:Yes age:22 
major:IE enrollment:Yes age:20 
major:CHE enrollment:Yes age:19 
major:CHE enrollment:No age:20 
major:ABE enrollment:Yes age:19 
major:ECE enrollment:Yes age:18 
major:ME enrollment:Yes age:19 
major:CHE enrollment:No age:21 
major:ECE enrollment:Yes age:18 
major:ME enrollment:Yes age:21 
major:ECE enrollment:No age:20 
major:ME enrollment:No age:18 
major:CS enrollment:Yes age:20 
major:CHE enrollment:Yes age:19 
major:ME enrollment:No age:21 
major:BME enrollment:Yes age:18 
major:AA enrollment:Yes age:19 
major:ABE enrollment:Yes age:21 
major:ME enrollment:Yes age:20 
major:CHE enrollment:Yes age:19 
major:CS enrollment:No age:18 
major:AA enrollment:Yes age:18 
major:ABE enrollment:Yes age:18 
major:ABE enrollment:No age:20 
major:ABE enrollment:Yes age:19 
major:ME enrollment:Yes age:21 
major:CHE enrollment:Yes age:20 
major:ECE enrollment:No age:20 
major:IE enrollment:No age:19 
major:ECE enrollment:No age:18 
major:BME enrollment:Yes age:18 
major:ABE enrollment:No age:19 
major:ME enrollment:Yes age:19 
major:CS enrollment:Yes age:21 
major:AA enrollment:No age:18 
major:ECE enrollment:Yes age:21 
major:CHE enrollment:Yes age:18 
major:IE enrollment:Yes age:21 
major:AA enrollment:No age:21 
major:IE enrollment:No age:18 
major:CS enrollment:No age:20 
major:AA enrollment:Yes age:19 
major:CS enrollment:No age:18 
major:ABE enrollment:Yes age:20 
major:AA enrollment:Yes age:21 
major:ABE enrollment:No age:21 
major:ECE enrollment:No age:21 
major:AA enrollment:Yes age:21 
major:AA enrollment:No age:20 
major:IE enrollment:No age:18 
major:ABE enrollment:No age:19 
major:CHE enrollment:No age:20 
major:CHE enrollment:Yes age:19 
major:ABE enrollment:Yes age:20 
major:ME enrollment:Yes age:19 
major:ECE enrollment:No age:20 
major:ABE enrollment:No age:20 
major:BME enrollment:No age:20 
major:CS enrollment:Yes age:20 
major:ECE enrollment:No age:21 
major:IE enrollment:No age:21 
major:IE enrollment:No age:19 
major:ME enrollment:Yes age:18 
major:CHE enrollment:No age:19 
major:CS enrollment:Yes age:19 
major:ABE enrollment:No age:21 
major:CS enrollment:No age:19 
major:ABE enrollment:Yes age:20 
major:AA enrollment:No age:20 
major:BME enrollment:No age:21 
major:CHE enrollment:No age:20 
major:ECE enrollment:No age:19 
major:ABE enrollment:Yes age:18 
major:BME enrollment:No age:18 
major:ECE enrollment:No age:18 
major:BME enrollment:No age:18 
major:ECE enrollment:No age:19 
major:ME enrollment:No age:18 
major:BME enrollment:No age:18 
major:ECE enrollment:Yes age:18 
major:ME enrollment:Yes age:21 
major:BME enrollment:Yes age:21 
major:BME enrollment:No age:19 
major:ECE enrollment:No age:21 
major:ABE enrollment:Yes age:18 
major:BME enrollment:No age:21 
